
NNishtha@SLB-D2TYLQ2 MINGW64 ~/Documents/pluralsight-work/getting-started-git/cafe_recipes (master)
$ git log --oneline
dffea62 (HEAD -> master) Merge branch 'new_branch'
969e6dc added cold_brew
a32ac73 (new_branch) rename README.md remove egglatte untrack irishcoffe
3635bc4 (origin/master) second commit
2533d6a first commit

NNishtha@SLB-D2TYLQ2 MINGW64 ~/Documents/pluralsight-work/getting-started-git/cafe_recipes (master)
$ git reset --mixed 969e6dc
Unstaged changes after reset:
D       README.md
D       eggnog_latte
D       irish_coffee

NNishtha@SLB-D2TYLQ2 MINGW64 ~/Documents/pluralsight-work/getting-started-git/cafe_recipes (master)
$ git status
On branch master
Your branch is ahead of 'origin/master' by 1 commit.
  (use "git push" to publish your local commits)

Changes not staged for commit:
  (use "git add/rm <file>..." to update what will be committed)
  (use "git restore <file>..." to discard changes in working directory)
        deleted:    README.md
        deleted:    eggnog_latte
        deleted:    irish_coffee

Untracked files:
  (use "git add <file>..." to include in what will be committed)
        README

no changes added to commit (use "git add" and/or "git commit -a")

NNishtha@SLB-D2TYLQ2 MINGW64 ~/Documents/pluralsight-work/getting-started-git/cafe_recipes (master)
$ git add .

NNishtha@SLB-D2TYLQ2 MINGW64 ~/Documents/pluralsight-work/getting-started-git/cafe_recipes (master)
$ git status
On branch master
Your branch is ahead of 'origin/master' by 1 commit.
  (use "git push" to publish your local commits)

Changes to be committed:
  (use "git restore --staged <file>..." to unstage)
        renamed:    README.md -> README
        deleted:    eggnog_latte
        deleted:    irish_coffee


NNishtha@SLB-D2TYLQ2 MINGW64 ~/Documents/pluralsight-work/getting-started-git/cafe_recipes (master)
$ git commit -m "after reset"
[master 0029ce8] after reset
 3 files changed, 2 deletions(-)
 rename README.md => README (100%)
 delete mode 100644 eggnog_latte
 delete mode 100644 irish_coffee

NNishtha@SLB-D2TYLQ2 MINGW64 ~/Documents/pluralsight-work/getting-started-git/cafe_recipes (master)
$ git push origin master
Enumerating objects: 6, done.
Counting objects: 100% (6/6), done.
Delta compression using up to 8 threads
Compressing objects: 100% (4/4), done.
Writing objects: 100% (5/5), 511 bytes | 511.00 KiB/s, done.
Total 5 (delta 2), reused 0 (delta 0), pack-reused 0
remote: Resolving deltas: 100% (2/2), completed with 1 local object.
To https://github.com/Nishtha1007/wired-brain-recipes.git
   3635bc4..0029ce8  master -> master

NNishtha@SLB-D2TYLQ2 MINGW64 ~/Documents/pluralsight-work/getting-started-git/cafe_recipes (master)
$ git status
On branch master
Your branch is up to date with 'origin/master'.

nothing to commit, working tree clean

NNishtha@SLB-D2TYLQ2 MINGW64 ~/Documents/pluralsight-work/getting-started-git/cafe_recipes (master)
$ cd ..

NNishtha@SLB-D2TYLQ2 MINGW64 ~/Documents/pluralsight-work/getting-started-git
$ git clone https://github.com/Nishtha1007/wired-brain-recipes.git
Cloning into 'wired-brain-recipes'...
remote: Enumerating objects: 14, done.
remote: Counting objects: 100% (14/14), done.
remote: Compressing objects: 100% (8/8), done.
remote: Total 14 (delta 3), reused 13 (delta 2), pack-reused 0
Receiving objects: 100% (14/14), done.
Resolving deltas: 100% (3/3), done.

NNishtha@SLB-D2TYLQ2 MINGW64 ~/Documents/pluralsight-work/getting-started-git
$ cd wired-brain-recipes

NNishtha@SLB-D2TYLQ2 MINGW64 ~/Documents/pluralsight-work/getting-started-git/wired-brain-recipes (master)
$ ls
README              gingerbread_coffee           thai_coffee
cappuccino_cooler   green_tea_latte              vanilla_latte
coconut_oil_coffee  mixed_mocha                  vendors.txt
cold_brew           salted_caramel_pumkin_latte  white_chocolate_latte
emp.txt             spiced_coconut_coffee

NNishtha@SLB-D2TYLQ2 MINGW64 ~/Documents/pluralsight-work/getting-started-git/wired-brain-recipes (master)
$ git status
On branch master
Your branch is up to date with 'origin/master'.

nothing to commit, working tree clean

NNishtha@SLB-D2TYLQ2 MINGW64 ~/Documents/pluralsight-work/getting-started-git/wired-brain-recipes (master)
$
